[   0.0000 Lin veron 45.0--generc (bldd@w01-d64-8) (gc vrsion 7.3.0 (Uuntu7.3.0-16ubuntu3) #49-Ubuntu SMP Wed Feb 6 9:33:07 UTC 2019 (Ubuntu 4.15.0-46.49-generic 4.15.18)
[    0.000000] Command line: OO_IMA=/bot/mlinuz4.15-46-neriroot=LBEL=cldimgrotfs o coole=y1 csoletyS0
[   000000] KERNEL spporte cus:[  0.0000]  Inte GenuineIntel
[   0.0000]   MD AhentAMD
[   .0000]  entaurCenturHals
[   0.0000 x86pu: upportin XSA feare 001: 87 foatig pont rgisters
    0.0000] x8/fpu SuportingXSAV feaure 0x02 'SS regster'
    0.0000 x86pu: pporng XAV feare 004: AV regters
[    0.00000 x6/fpu:xsate_ofet[2]:576, xate_izes[:  2
[  0.0000]x8/fpu Eabled tate fatur 0x7contt si is 32bytes using'sanda' foat.[   0.0000] 20: OS-pvidephysicl RA map
[   0.0000 BIOe820[mem0x00000000000000-0x0000000009fff] usle
[  0.0000] BS-e820[mem 0000000009fc00x00000009ff] rerved
[  0.00000] BS-e8: [mm x0000000000000-0000000000fff] rerved
[  0.0000] BI-e82 [me0x00000001000-0x00000ffeff] uable
[   0.0000 BIOe820[memx0000001f0000x000000ffffffACPIata
[   0.0000] OS-e0: [m 0x00000fec0000-000000fec00f] rerved[   .0000] BIO-e820:[memx0000000fe0000-0x00000fee00f] reerd
[    00000] BOS-e820[mem0x000000ffc000-0x00000fffff] rserved
[  0.0000]  (Exute sabl proecti: acive
[  0.00000]SMIOS 5 prent.
[   0.0000] D: intek bH VirualBx/irtuBox,IOS iruaBo 1/0/200
[   0.0000] Hyervir deteted:KVM
[  0.0000] e8: lat_fn =0x1ff0 m_arch_fn =x4000000
[   0.0000]MTRR Disable
[   .00000 x86/PAT MTR disled, sppin PT initalizion to
[   .0000] CPUTRRsll bnk - vtualiz syste.
[   0.0000] x8/PAT Coniguaton [7]: B  W  UC UC B  W  UCUC  
[  0.0000] fondSM M-tabe t [me 0x0009fff0-0009ff] maed at      (ptral)]
[   00000 Scaing 1 eas r low emry corupti
[   .00000] RAMDSK: [mm 0x1dc000x1ef14f]
   0.0000] ACP: rly ble ecks vericatn dibled
[  0.0000] ACI: RP 0x0000000000E0000000 (v0VBOX )
[  0.0000] PI: XS 0x0000001F0030 003C (1 VB   VXXSD0000001 AS 000061)
[   0.0000] AC: FACP 00000001FFFF0 00F4 04 VBO  VBOXCP 00000ASL 00001)
[   0.0000] PI: DT 00000001FFF0470 021FF (02 VBO  VBOXOS 000002 NT 2010528)
    0.00000] API: FACS 0x000000001FFF0200 000040
[    0.000000] ACPI: FACS 0x00000001FFF020 00000
[    0.000000] ACPI: APIC 0x000000001FFF0240 00005C (v02 VBOX   VBOXAPIC 00000001 ASL  000006
[   0.0000] AC: SST 00000001FF02A 000C (v01VBOX VBOCPUT 000002 NT201028)
[  0.0000] NoUMA nfigatiofoun
[   .00000 Fakg a no at [mm 0x0000000000000x00000001fefff]
[   .00000 NODDATA(0 allatedmem 01fc5000x1fefff]
[  0.0000kvm-lok: c 0, r 0:1f4400, primar cpulock
   0.00000 kvm-cock: Uing ms 4b5d01 an 4b5d00[   .0000] kvmclock:singchedffset of 31689020 ycle
[   .00000] clcksorce:vm-cck: ma: 0xffffffffffff ma_cycle: 0xcd42e4ffb, maxidlens: 889059483 s
[  0.0000] Zonerages:
[  0.0000]   A     mem 0x00000000100-0x000000fffff]
[   0.0000]   DM2   mem x0000000010000-0x000001ffeff][   0.0000   Nmal empt
[   0.0000]  Devic   ept
[   .0000] Mvale zon sart fo each ode[    00000 Earlymemo node ange
[    00000   ne    [mem x000000001000x00000000efff
[   0.0000   ne    [me0x0000001000-0x00000ffefff]
[  0.0000] serv butnavaable114 pas
[   0.00000]nitmemetupode 0 mem 000000000000-0x00000001ffeff
[   .0000] ACP PM-Tir IO Prt: 4008
[  0.00000]IOAPC[]: api_id 2versn 32addrss 0xfe0000 GI 0-23
[   .0000] AI: I_SRCOV (bu0 buirq glob_irq2 fl d)
[   .00000] CPI: IT_SR_OVRbus bus_ir9 glob_irq lowevel)[   0.0000] Usg AC (MA) foSMP onfiurtin infoation
[  0.000000 smpot: Alwing CPU 0 hplugPUs[   .00000] PMRegieredosavmemoy: [em 0x0000000x00000f]
[  0.00000 PM:egisred noave meor [me0x000900-0009ffff]
[   0.0000 PM: Risterenosae memory[mem 0000a000-0x00eff]
[  0.0000]M: Regstred save mory: [me 0x0f0000x00ffff
[   .00000] e820 [me 0x200000xfeffffavaiabl forCI dices
[  0.0000] Boing ravitulizekern on KV
[   0.0000] clcksorc: refid-jiffs: mas: 0xffffffma_cycs: 0fffff, mx_dle_: 7651962115 ns
[   0.0000rand: gerandm_byescalld fr starternel+0x9/04fd wit cng_it=0[   .0000] sup_pcpu:NR_CPUS:92 ncpumskbi:2 nr_u_id:2 n_node_ds1
[   .0000] perpu Embedd 46 pes/c @      trval)s15152 r8192 d2862 u18576
[   0000000PV qsplock hh tabl entris: 256(oder:, 4096ytes)[   .00000 Built zonelts, bilityroupg on  otalages12889
[  0.0000] olic zon: DMA3
    0.0000] rnel cmand le: BOOIMAG/boot/vminz-4..0-46-neric rot=ABEL=cudimroot ro onso=ttyconsol=tty0
[   0.0000Memo: 4650K/5232K avalabl (23K kern cod 247 rwda, 4252Kroda, 24K int,2416bss,6324 resrved, 0K c-reserd)
[  0.00000] LUB:Walin=4, Oer=0, Mibjec=0, CP=2, Noes=1
[   0000000 Krnelser ge tbls islatin: enaed
[   0.0000] ftra: alloatng 391 entie in 4 pas
[   0.4000] HirachicalCU impmenttin.
[  0.0040] 	CU rstriting CUsfrom _CPU8192o nrpu_i=2.[  0.0000] Tasks RCU enabled.
[    0.004000] RCU: Adjusting geometry for rcu_fanout_leaf=16, nr_cpu_ids=2
[    0.004000] NR_IRQS: 524544, nr_irqs: 440, preallocated irqs: 16
[    0.004000] Console: colour VGA+ 80x25
[    0.004000] console [tty1] enabled
[    0.004000] console [ttyS0] enabled
[    0.004000] ACPI: Core revision 20170831
[    0.004000] ACPI: 2 ACPI AML tables successfully acquired and loaded
[    0.004000] APIC: Switch to symmetric I/O mode setup
[    0.004000] x2apic enabled
[    0.004000] Switched APIC routing to physical x2apic.
[    0.004000] ..TIMER: vector=0x30 apic1=0 pin1=2 apic2=-1 pin2=-1
[    0.004004] tsc: Detected 2591.996 MHz processor
[    0.004941] Calibrating delay loop (skipped) preset value.. 5183.99 BogoMIPS (lpj=10367984)
[    0.008005] pid_max: default: 32768 minimum: 301
[    0.012036] Security Framework initialized
[    0.016005] Yama: becoming mindful.
[    0.020032] AppArmor: AppArmor initialized
[    0.024086] Dentry cache hash table entries: 65536 (order: 7, 524288 bytes)
[    0.028041] Inode-cache hash table entries: 32768 (order: 6, 262144 bytes)
[    0.032021] Mount-cache hash table entries: 1024 (order: 1, 8192 bytes)
[    0.036008] Mountpoint-cache hash table entries: 1024 (order: 1, 8192 bytes)
[    0.040255] mce: CPU supports 0 MCE banks
[    0.044041] Last level iTLB entries: 4KB 64, 2MB 8, 4MB 8
[    0.048004] Last level dTLB entries: 4KB 64, 2MB 0, 4MB 0, 1GB 4
[    0.052005] Spectre V2 : Mitigation: Full generic retpoline
[    0.056005] Spectre V2 : Spectre v2 / SpectreRSB mitigation: Filling RSB on context switch
[    0.060004] Speculative Store Bypass: Vulnerable
[    0.064174] Freeing SMP alternatives memory: 36K
[    0.076000] smpboot: CPU0: Intel(R) Core(TM) i7-6700HQ CPU @ 2.60GHz (family: 0x6, model: 0x5e, stepping: 0x3)
[    0.076071] Performance Events: unsupported p6 CPU model 94 no PMU driver, software events only.
[    0.080053] Hierarchical SRCU implementation.
[    0.084509] NMI watchdog: Perf event create on CPU 0 failed with -2
[    0.088005] NMI watchdog: Perf NMI watchdog permanently disabled
[    0.092055] smp: Bringing up secondary CPUs ...
[    0.096080] x86: Booting SMP configuration:
[    0.100003] .... node  #0, CPUs:      #1
[    0.004000] kvm-clock: cpu 1, msr 0:1ff44041, secondary cpu clock
[    0.004000] mce: CPU supports 0 MCE banks
[    0.407395] smp: Brought up 1 node, 2 CPUs
[    0.408007] smpboot: Max logical packages: 1
[    0.412020] smpboot: Total of 2 processors activated (10367.98 BogoMIPS)
[    0.416112] devtmpfs: initialized
[    0.420059] x86/mm: Memory block size: 128MB
[    0.424126] evm: security.selinux
[    0.428007] evm: security.SMACK64
[    0.432004] evm: security.SMACK64EXEC
[    0.436002] evm: security.SMACK64TRANSMUTE
[    0.440002] evm: security.SMACK64MMAP
[    0.444002] evm: security.apparmor
[    0.448005] evm: security.ima
[    0.452004] evm: security.capability
[    0.460153] clocksource: jiffies: mask: 0xffffffff max_cycles: 0xffffffff, max_idle_ns: 7645041785100000 ns
[    0.464013] futex hash table entries: 512 (order: 3, 32768 bytes)
[    0.468091] pinctrl core: initialized pinctrl subsystem
[    0.472106] RTC time:  9:15:16, date: 03/22/19
[    0.480077] NET: Registered protocol family 16
[    0.484103] audit: initializing netlink subsys (disabled)
[    0.488037] audit: type=2000 audit(1553246066.129:1): state=initialized audit_enabled=0 res=1
[    0.768008] cpuidle: using governor ladder
[    0.772011] cpuidle: using governor menu
[    0.776047] ACPI: bus type PCI registered
[    0.780003] acpiphp: ACPI Hot Plug PCI Controller Driver version: 0.5
[    0.788017] PCI: Using configuration type 1 for base access
[    0.796034] HugeTLB registered 2.00 MiB page size, pre-allocated 0 pages
[    0.800096] ACPI: Added _OSI(Module Device)
[    0.804008] ACPI: Added _OSI(Processor Device)
[    0.808005] ACPI: Added _OSI(3.0 _SCP Extensions)
[    0.812005] ACPI: Added _OSI(Processor Aggregator Device)
[    0.816016] ACPI: Added _OSI(Linux-Dell-Video)
[    0.820006] ACPI: Added _OSI(Linux-Lenovo-NV-HDMI-Audio)
[    0.824005] ACPI: Added _OSI(Linux-HPI-Hybrid-Graphics)
[    0.828368] ACPI: Executed 1 blocks of module-level executable AML code
[    0.840589] ACPI: Interpreter enabled
[    0.844015] ACPI: (supports S0 S5)
[    0.848002] ACPI: Using IOAPIC for interrupt routing
[    0.852298] PCI: Using host bridge windows from ACPI; if necessary, use "pci=nocrs" and report a bug
[    0.856213] ACPI: Enabled 2 GPEs in block 00 to 07
[    0.874238] ACPI: PCI Root Bridge [PCI0] (domain 0000 [bus 00-ff])
[    0.876014] acpi PNP0A03:00: _OSC: OS supports [ASPM ClockPM Segments MSI]
[    0.880046] acpi PNP0A03:00: _OSC: not requesting OS control; OS requires [ExtendedConfig ASPM ClockPM MSI]
[    0.884020] acpi PNP0A03:00: fail to add MMCONFIG information, can't access extended PCI configuration space under this bridge.
[    0.888586] PCI host bridge to bus 0000:00
[    0.892007] pci_bus 0000:00: root bus resource [io  0x0000-0x0cf7 window]
[    0.896007] pci_bus 0000:00: root bus resource [io  0x0d00-0xffff window]
[    0.900008] pci_bus 0000:00: root bus resource [mem 0x000a0000-0x000bffff window]
[    0.904007] pci_bus 0000:00: root bus resource [mem 0x20000000-0xfdffffff window]
[    0.908005] pci_bus 0000:00: root bus resource [bus 00-ff]
[    0.919285] pci 0000:00:01.1: legacy IDE quirk: reg 0x10: [io  0x01f0-0x01f7]
[    0.920006] pci 0000:00:01.1: legacy IDE quirk: reg 0x14: [io  0x03f6]
[    0.924006] pci 0000:00:01.1: legacy IDE quirk: reg 0x18: [io  0x0170-0x0177]
[    0.928006] pci 0000:00:01.1: legacy IDE quirk: reg 0x1c: [io  0x0376]
[    0.945186] pci 0000:00:07.0: quirk: [io  0x4000-0x403f] claimed by PIIX4 ACPI
[    0.948023] pci 0000:00:07.0: quirk: [io  0x4100-0x410f] claimed by PIIX4 SMB
[    0.961917] ACPI: PCI Interrupt Link [LNKA] (IRQs 5 9 10 *11)
[    0.964376] ACPI: PCI Interrupt Link [LNKB] (IRQs 5 9 *10 11)
[    0.972088] ACPI: PCI Interrupt Link [LNKC] (IRQs 5 *9 10 11)
[    0.976134] ACPI: PCI Interrupt Link [LNKD] (IRQs 5 9 10 *11)
[    0.980368] SCSI subsystem initialized
[    0.984053] pci 0000:00:02.0: vgaarb: setting as boot VGA device
[    0.988000] pci 0000:00:02.0: vgaarb: VGA device added: decodes=io+mem,owns=io+mem,locks=none
[    0.988008] pci 0000:00:02.0: vgaarb: bridge control possible
[    0.992003] vgaarb: loaded
[    0.996033] ACPI: bus type USB registered
[    1.000029] usbcore: registered new interface driver usbfs
[    1.004022] usbcore: registered new interface driver hub
[    1.008051] usbcore: registered new device driver usb
[    1.012073] EDAC MC: Ver: 3.0.0
[    1.020099] PCI: Using ACPI for IRQ routing
[    1.024260] NetLabel: Initializing
[    1.028002] NetLabel:  domain hash size = 128
[    1.032002] NetLabel:  protocols = UNLABELED CIPSOv4 CALIPSO
[    1.036022] NetLabel:  unlabeled traffic allowed by default
[    1.044175] clocksource: Switched to clocksource kvm-clock
[    12387VF Dskuos qu_6.0
[   1.45] FSDqt-chha tlentes51 (order 0, 4096 bytes)

[    2.405758] AppArmor: AppArmor Filesystem Enabed
[  2384]npPnACI in
  2.75] p:nPCP fnd dic
[   4311clksrc acppmmak:xfffmacyes0xff, x_dle_: 85014 
  4.5290 N: gier ptol mi 2
[   .34969TCesblshd shabe enie 46 rd:  368yt)
[  6.22] P ndastae ntie: 40 (de: , 556 yts)[  70855TC: shtale cnfgud stblhe4096 bnd 4096
   7056]UDhah abe trs:56(oer 1, 812 yt)[  85304 U-Lite shabe ntes25(oer1,19bys)
    3841NE Risreprotoc fil1[   9879 p 0000:.0Liitg irctPC/P tnsrs
[  10509]ci0000010:Acivtig A A ngorrods[ 11716]pci 000:.0Vio vi wh haow R a[mem 000000x0dff
[ 126856]npki itrfs.
[ 13566]renginitd mery1880
[ 139776 platfm c_mo: egstedpltfrmRT dic(nPNdeice un)  148945 Sanin fr owmerycoupio ery0 ecnd
[  1.669] sc: fiedTS cocoucecabrio 21.2 z
[   16.328 cckoue:scmak: 0ffffffffmacyle 055c84c mx_dl_n: 40950012 ns

[   17.588378] Initialise system trusted keyrings
[   17.732865] Key type blacklist registered
[   17.886265] workingset: timestamp_bits=36 max_order=17 bucket_order=0
[   18.130900] zbud: loaded
[   18.223764] squashfs: version 4.0 (2009/01/31) Phillip Lougher
[   18.445691] fuse init (API version 7.26)
[   18.565961] Key type asymmetric registered
[   18.570533] Asymmetric key parser 'x509' registered
[   18.577274] Block layer SCSI generic (bsg) driver version 0.4 loaded (major 246)
[   18.582692] io scheduler noop registered
[   18.587344] io scheduler deadline registered
[   18.593129] io scheduler cfq registered (default)
[   18.604723] ACPI: AC Adapter [AC] (on-line)
[   18.625221] input: Power Button as /devices/LNXSYSTM:00/LNXPWRBN:00/input/input0
[   18.635251] ACPI: Power Button [PWRF]
[   18.640567] input: Sleep Button as /devices/LNXSYSTM:00/LNXSLPBN:00/input/input1
[   18.647037] ACPI: Sleep Button [SLPF]
[   18.651967] Serial: 8250/16550 driver, 32 ports, IRQ sharing enabled
[   18.652858] ACPI: Battery Slot [BAT0] (battery present)
[   18.760685] 00:02: ttyS0 at I/O 0x3f8 (irq = 4, base_baud = 115200) is a 16550A
[   18.765149] Linux agpgart interface v0.103
[   18.767269] loop: module loaded
[   18.813361] scsi host0: ata_piix
[   18.816863] scsi host1: ata_piix
[   18.817579] ata1: PATA max UDMA/33 cmd 0x1f0 ctl 0x3f6 bmdma 0xd000 irq 14
[   18.818989] ata2: PATA max UDMA/33 cmd 0x170 ctl 0x376 bmdma 0xd008 irq 15
[   18.823227] libphy: Fixed MDIO Bus: probed
[   18.824132] tun: Universal TUN/TAP device driver, 1.6
[   18.825301] PPP generic driver version 2.4.2
[   18.826268] ehci_hcd: USB 2.0 'Enhanced' Host Controller (EHCI) Driver
[   18.827609] ehci-pci: EHCI PCI platform driver
[   18.828572] ehci-platform: EHCI generic platform driver
[   18.829663] ohci_hcd: USB 1.1 'Open' Host Controller (OHCI) Driver
[   18.840453] ohci-pci: OHCI PCI platform driver
[   18.841403] ohci-platform: OHCI generic platform driver
[   18.842480] uhci_hcd: USB Universal Host Controller Interface driver
[   18.843798] i8042: PNP: PS/2 Controller [PNP0303:PS2K,PNP0f03:PS2M] at 0x60,0x64 irq 1,12
[   18.846256] serio: i8042 KBD port at 0x60,0x64 irq 1
[   18.847330] serio: i8042 AUX port at 0x60,0x64 irq 12
[   18.848459] mousedev: PS/2 mouse device common for all mice
[   18.849861] input: AT Translated Set 2 keyboard as /devices/platform/i8042/serio0/input/input2
[   18.852003] rtc_cmos rtc_cmos: rtc core: registered rtc_cmos as rtc0
[   18.853337] rtc_cmos rtc_cmos: alarms up to one day, 114 bytes nvram
[   18.854600] i2c /dev entries driver
[   18.855423] pcie_mp2_amd: AMD(R) PCI-E MP2 Communication Driver Version: 1.0
[   18.856970] device-mapper: uevent: version 1.0.3
[   18.858031] device-mapper: ioctl: 4.37.0-ioctl (2017-09-20) initialised: dm-devel@redhat.com
[   18.859923] ledtrig-cpu: registered to indicate activity on CPUs
[   18.864814] NET: Registered protocol family 10
[   19.016822] Segment Routing with IPv6
[   19.109079] NET: Registered protocol family 17
[   19.265369] Key type dns_resolver registered
[   19.401114] RAS: Correctable Errors collector initialized.
[   19.570744] sched_clock: Marking stable (19570719125, 0)->(84272120507, -64701401382)
[   19.707144] registered taskstats version 1
[   19.753171] Loading compiled-in X.509 certificates
[   19.762841] Loaded X.509 cert 'Build time autogenerated kernel key: b873a790e41754b50f7dbae45b6bd46229c3c73f'
[   19.843128] zswap: loaded using pool lzo/zbud
[   19.848895] Key type big_key registered
[   19.961215] Key type trusted registered
[   20.089698] Key type encrypted registered
[   20.236160] AppArmor: AppArmor sha1 policy hashing enabled
[   20.410067] ima: No TPM chip found, activating TPM-bypass! (rc=-19)
[   20.640156] ima: Allocated hash algorithm: sha1
[   20.780263] evm: HMAC attrs: 0x1
[   20.827148]   Magic number: 11:307:273
[   20.853648] tty tty10: hash matches
[   20.866776] net lo: hash matches
[   20.867640] rtc_cmos rtc_cmos: setting system clock to 2019-03-22 09:15:46 UTC (1553246146)
[   20.872052] BIOS EDD facility v0.16 2004-Jun-25, 0 devices found
[   20.873790] EDD information not available.
[   20.878862] Freeing unused kernel memory: 2408K
[   21.016490] Write protecting the kernel read-only data: 20480k
[   21.183814] Freeing unused kernel memory: 2008K
[   21.291978] Freeing unused kernel memory: 1892K
[   21.445492] x86/mm: Checked W+X mappings: passed, no W+X pages found.
[   21.697048] x86/mm: Checking user space page tables
[   21.901723] x86/mm: Checked W+X mappings: passed, no W+X pages found.
Loading, please wait...
starting version 237
[   22.064504] e1000: Intel(R) PRO/1000 Network Driver - version 7.3.21-k8-NAPI
[   22.272486] e1000: Copyright (c) 1999-2006 Intel Corporation.
[   22.446952] Fusion MPT base driver 3.04.20
[   22.565654] Copyright (c) 1999-2008 LSI Corporation
[   22.716421] AVX2 version of gcm_enc/dec engaged.
[   22.828748] AES CTR mode by8 optimization enabled
[   22.985386] Fusion MPT SPI Host driver 3.04.20
[   23.096099] input: ImExPS/2 Generic Explorer Mouse as /devices/platform/i8042/serio1/input/input4
[   23.364408] e1000 0000:00:03.0 eth0: (PCI:33MHz:32-bit) 02:f3:ac:99:85:c1
[   25.030577] e1000 0000:00:03.0 eth0: Intel(R) PRO/1000 Network Connection
[   25.241744] mptbase: ioc0: Initiating bringup
[   25.242385] e1000 0000:00:03.0 enp0s3: renamed from eth0
[   25.661024] ioc0: LSI53C1030 A0: Capabilities={Initiator}
[   27.124070] scsi host2: ioc0: LSI53C1030 A0, FwRev=00000000h, Ports=1, MaxQ=256, IRQ=20
[   28.601054] scsi 2:0:0:0: Direct-Access     VBOX     HARDDISK         1.0  PQ: 0 ANSI: 5
[   28.676660] scsi target2:0:0: Beginning Domain Validation
[   28.856210] scsi target2:0:0: Domain Validation skipping write tests
[   29.090012] scsi target2:0:0: Ending Domain Validation
[   29.279368] scsi target2:0:0: asynchronous
[   29.434882] scsi 2:0:1:0: Direct-Access     VBOX     HARDDISK         1.0  PQ: 0 ANSI: 5
[   29.720535] scsi target2:0:1: Beginning Domain Validation
[   29.844279] random: fast init done
[   30.332726] scsi target2:0:1: Domain Validation skipping write tests
[   30.558251] scsi target2:0:1: Ending Domain Validation
[   30.735884] scsi target2:0:1: asynchronous
[   30.793642] random: systemd-udevd: uninitialized urandom read (16 bytes read)
[   30.833013] sd 2:0:0:0: Attached scsi generic sg0 type 0
[   30.833203] sd 2:0:0:0: [sda] 20971520 512-byte logical blocks: (10.7 GB/10.0 GiB)
[   30.833241] sd 2:0:0:0: [sda] Write Protect is off
[   30.833372] sd 2:0:0:0: [sda] Incomplete mode parameter data
[   30.833373] sd 2:0:0:0: [sda] Assuming drive cache: write through
[   30.834278]  sda: sda1
[   30.834870] sd 2:0:0:0: [sda] Attached SCSI disk
[   30.883629] random: systemd-udevd: uninitialized urandom read (16 bytes read)
[   30.883634] random: systemd-udevd: uninitialized urandom read (16 bytes read)
[   31.955155] sd 2:0:1:0: [sdb] 20480 512-byte logical blocks: (10.5 MB/10.0 MiB)
[   33.773746] sd 2:0:1:0: Attached scsi generic sg1 type 0
[   33.773870] sd 2:0:1:0: [sdb] Write Protect is off
[   33.774136] sd 2:0:1:0: [sdb] Incomplete mode parameter data
[   33.774137] sd 2:0:1:0: [sdb] Assuming drive cache: write through
[   33.780128] sd 2:0:1:0: [sdb] Attached SCSI disk
Begin: Loading essential drivers ... [   36.004219] raid6: sse2x1   gen() 11369 MB/s
[   36.172085] raid6: sse2x1   xor()  7893 MB/s
[   36.340017] raid6: sse2x2   gen() 10956 MB/s
[   36.432548] raid6: sse2x2   xor()  8512 MB/s
[   36.616146] raid6: sse2x4   gen() 16051 MB/s
[   36.792799] raid6: sse2x4   xor()  9595 MB/s
[   36.968455] raid6: avx2x1   gen() 22705 MB/s
[   37.164084] raid6: avx2x1   xor() 15202 MB/s
[   37.340356] raid6: avx2x2   gen() 28189 MB/s
[   37.460403] raid6: avx2x2   xor() 13198 MB/s
[   37.592197] raid6: avx2x4   gen() 30734 MB/s
[   37.764024] raid6: avx2x4   xor() 18552 MB/s
[   37.897965] raid6: using algorithm avx2x4 gen() 30734 MB/s
[   38.055168] raid6: .... xor() 18552 MB/s, rmw enabled
[   38.235754] raid6: using avx2x2 recovery algorithm
[   38.333748] xor: automatically using best checksumming function   avx       
[   38.486322] async_tx: api initialized (async)
done.
Begin: Running /scripts/init-premount ... done[   38.601816] Btrfs loaded, crc32c=crc32c-intel
.
Begin: Mounting root file system ... Begin: R[   38.747579] EXT4-fs (sda1): mounted filesystem with ordered data mode. Opts: (null)
unning /scripts/local-top ... done.
Begin: Running /scripts/local-premount ... Scanning for Btrfs filesystems
done.
Warning: fsck not present, so skipping root file system
done.
Begin: Running /scripts/local-bottom ... done.
Begin: Running /scripts/init-bottom ... done.
[   39.197036] ip_tables: (C) 2000-2006 Netfilter Core Team
[   39.385895] systemd[1]: systemd 237 running in system mode. (+PAM +AUDIT +SELINUX +IMA +APPARMOR +SMACK +SYSVINIT +UTMP +LIBCRYPTSETUP +GCRYPT +GNUTLS +ACL +XZ +LZ4 +SECCOMP +BLKID +ELFUTILS +KMOD -IDN2 +IDN -PCRE2 default-hierarchy=hybrid)
[   39.697054] systemd[1]: Detected virtualization oracle.
[   39.767721] systemd[1]: Detected architecture x86-64.

Welcome to [1mUbuntu 18.04.2 LTS[0m!

[   39.911742] systemd[1]: Set hostname to <ubuntu>.
[   40.061174] systemd[1]: Initializing machine ID from random generator.
[   40.264842] systemd[1]: Installed transient /etc/machine-id file.
[   41.996091] systemd[1]: Created slice System Slice.
[[0;32m  OK  [0m] Created slice System Slice.
[   43.366577] systemd[1]: Listening on Journal Socket (/dev/log).
[[0;32m  OK  [0m] Listening on Journal Socket (/dev/log).
[   44.892491] systemd[1]: Listening on udev Kernel Socket.
[[0;32m  OK  [0m] Listening on udev Kernel Socket.
[   46.225493] systemd[1]: Listening on udev Control Socket.
[[0;32m  OK  [0m] Listening on udev Control Socket.
[   46.301522] systemd[1]: Listening on /dev/initctl Compatibility Named Pipe.
[[0;32m  OK  [0m] Listening on /dev/initctl Compatibility Named Pipe.
[   46.340451] systemd[1]: Listening on Syslog Socket.
[[0;32m  OK  [0m] Listening on Syslog Socket.
[   46.416360] systemd[1]: Set up automount Arbitrary Executable File Formats File System Automount Point.
[[0;32m  OK  [0m] Set up automount Arbitrary Executabâ€¦rmats File System Automount Point.
[   46.852885] systemd[1]: Reached target User and Group Name Lookups.
[[0;32m  OK  [0m] Reached target User and Group Name Lookups.
[   47.112450] systemd[1]: Reached target System Time Synchronized.
[[0;32m  OK  [0m] Reached target System Time Synchronized.
[   47.357228] systemd[1]: Listening on LVM2 poll daemon socket.
[[0;32m  OK  [0m] Listening on LVM2 poll daemon socket.
[   47.477313] systemd[1]: Listening on Journal Audit Socket.
[[0;32m  OK  [0m] Listening on Journal Audit Socket.
[   47.557355] systemd[1]: Created slice User and Session Slice.
[[0;32m  OK  [0m] Created slice User and Session Slice.
[[0;32m  OK  [0m] Reached target Slices.
[[0;32m  OK  [0m] Created slice system-serial\x2dgetty.slice.
[[0;32m  OK  [0m] Listening on Journal Socket.
[   47.928118] random: crng init done
[   48.016553] random: 7 urandom warning(s) missed due to ratelimiting
         Starting Load Kernel Modules...
[   48.174980] Loading iSCSI transport class v2.0-870.
         [   48.326318] iscsi: registered transport (tcp)
Starting udev Coldplug all Devices...
         Starting Set the[   48.514018] iscsi: registered transport (iser)
 console keyboard layout...
         Starting Uncomplicated firewall...
         Starting Create list of required stâ€¦ce nodes for the current kernel...
         Mounting POSIX Message Queue File System...
         Starting Remount[   48.803582] EXT4-fs (sda1): re-mounted. Opts: (null)
 Root and Kernel File Systems...
[[0;32m  OK  [0m] Listening on Device-mapper event daemon FIFOs.
         Mounting Kernel Debug File System...
[[0;32m  OK  [0m] Reached target Swap.
[[0;32m  OK  [0m] Started Forward Password Requests to Wall Directory Watch.
[[0;32m  OK  [0m] Listening on Network Service Netlink Socket.
[[0;32m  OK  [0m] Listening on LVM2 metadata daemon socket.
         Starting Monitoring of LVM2 mirrorsâ€¦ng dmeventd or progress polling...
         Starting Journal Service...
         Mounting Huge Pages File System...
[[0;32m  OK  [0m] Started Journal Service.
[[0;32m  OK  [0m] Started Load Kernel Modules.
[[0;32m  OK  [0m] Started Uncomplicated firewall.
[[0;32m  OK  [0m] Started Create list of required staâ€¦vice nodes for the current kernel.
[[0;32m  OK  [0m] Mounted POSIX Message Queue File System.
[[0;32m  OK  [0m] Started Set the console keyboard layout.
[[0;32m  OK  [0m] Started Remount Root and Kernel File Systems.
[[0;32m  OK  [0m] Mounted Kernel Debug File System.
[[0;32m  OK  [0m] Mounted Huge Pages File System.
[[0;32m  OK  [0m] Started udev Coldplug all Devices.
[[0;32m  OK  [0m] Started LVM2 metadata daemon.
         Starting Initial cloud-init job (pre-networking)...
         Starting Load/Save Random Seed...
         Starting Create Static Device Nodes in /dev...
         Mounting FUSE Control File System...
         Mounting Kernel Configuration File System...
         Starting Apply Kernel Variables...
         Starting Flush Journal to Persistent Storage...
[[0;32m  OK  [0m] Started Monitoring of LVM2 mirrors,â€¦sing dmeventd or progress polling.
[[0;32m  OK  [0m] Started Load/Save Random Seed.
[[0;32m  OK  [0m] Started Create Static Device Nodes in /dev.
[[0;32m  OK  [0m] Mounted FUSE Control File System.
[[0;32m  OK  [0m] Mounted Kernel Configuration File System.
[[0;32m  OK  [0m] Started Apply Kernel Variables.
         Starting udev Kernel Device Manager...
[[0;32m  OK  [0m] Reached target Local File Systems (Pre).
[[0;32m  OK  [0m] Reached target Local File Systems.
         Starting AppArmor initialization...
         Starting ebtables ruleset management...
         Starting Set console font and keymap...
         Starting Tell Plymouth To Write Out Runtime Data...
         Starting Commit a transient machine-id on disk...
[[0;32m  OK  [0m] Started udev Kernel Device Manager.
[[0;32m  OK  [0m] Started Set console font and keymap.
[[0;32m  OK  [0m] Started Tell Plymouth To Write Out Runtime Data.
[[0;32m  OK  [0m] Started Dispatch Password Requests to Console Directory Watch.
[[0;32m  OK  [0m] Reached target Local Encrypted Volumes.
[[0;32m  OK  [0m] Started Flush Journal to Persistent Storage.
[[0;32m  OK  [0m] Started Commit a transient machine-id on disk.
[[0;32m  OK  [0m] Found device /dev/ttyS0.
[[0;32m  OK  [0m] Started ebtables ruleset management.
[[0;32m  OK  [0m] Listening on Load/Save RF Kill Switch Status /dev/rfkill Watch.
         Starting Create Volatile Files and Directories...
[[0;32m  OK  [0m] Started Create Volatile Files and Directories.
         Starting Update UTMP about System Boot/Shutdown...
[[0;32m  OK  [0m] Started Update UTMP about System Boot/Shutdown.
[   52.343043] cloud-init[455]: Cloud-init v. 18.5-21-g8ee294d5-0ubuntu1~18.04.1 running 'init-local' at Fri, 22 Mar 2019 09:16:17 +0000. Up 51.47 seconds.
[[0;32m  OK  [0m] Started Initial cloud-init job (pre-networking).
[[0;32m  OK  [0m] Reached target Network (Pre).
         Starting Network Service...
[[0;32m  OK  [0m] Started Network Service.
         Starting Wait for Network to be Configured...
         Starting Network Name Resolution...
[[0;32m  OK  [0m] Started Network Name Resolution.
[[0;32m  OK  [0m] Reached target Host and Network Name Lookups.
[[0;32m  OK  [0m] Reached target Network.
[[0;32m  OK  [0m] Started AppArmor initialization.
[[0;32m  OK  [0m] Started Wait for Network to be Configured.
         Starting Initial cloud-init job (metadata service crawler)...
[   54.560088] cloud-init[701]: Cloud-init v. 18.5-21-g8ee294d5-0ubuntu1~18.04.1 running 'init' at Fri, 22 Mar 2019 09:16:19 +0000. Up 54.30 seconds.
[   54.668403] cloud-init[701]: ci-info: ++++++++++++++++++++++++++++++++++++++Net device info++++++++++++++++++++++++++++++++++++++
[   54.752346] cloud-init[701]: ci-info: +--------+------+----------------------------+---------------+--------+-------------------+
[   54.800221] cloud-init[701]: ci-info: | Device |  Up  |          Address           |      Mask     | Scope  |     Hw-Address    |
[   54.904439] cloud-init[701]: ci-info: +--------+------+----------------------------+---------------+--------+-------------------+
[   55.040218] cloud-init[701]: ci-info: | enp0s3 | True |         10.0.2.15          | 255.255.255.0 | global | 02:f3:ac:99:85:c1 |
[   55.152710] cloud-init[701]: ci-info: | enp0s3 | True | fe80::f3:acff:fe99:85c1/64 |       .       |  link  | 02:f3:ac:99:85:c1 |
[   55.288342] cloud-init[701]: ci-info: |   lo   | True |         127.0.0.1          |   255.0.0.0   |  host  |         .         |
[[0;32m  OK  [0m] Started Initial cloud-init job (metadata service crawler).
[   55.404910] cloud-init[701]: ci-info: |   lo   | TTue |          ::1/128           |       .       |  host  |         .         |
[[0;32m  OK  [0m] Reached target Cloud-config availability.
[   55.489402] [cloud-init[0;32m  OK  [0m[701]: ] ci-info: +--------+------+----------------------------+---------------+--------+-------------------+Reached target Network is Online.

         Starting Availability of block devices...
[[0;32m  OK  [0m] Reached target Remote File Systems (Pre).
[[0;32m  OK  [0m] Reached target Remote File Systems.
[[0;32m  OK  [0m] Reached target System Initialization.
[[0;32m  OK  [0m] Listening on UUID daemon activation socket.
[   55.779492] cloud-init[701]: ci-info: ++++++++++++++++++++++++++++Route IPv4 info+++++++++++++++++++++++++++++
[   56.148448] cloud-init[701]: ci-info: +-------+-------------+----------+-----------------+-----------+-------+
[   56.260926] cloud-init[701]: ci-info: | Route | Destination | Gateway  |     Genmask     | Interface | Flags |
[   56.380413] cloud-init[701]: ci-info: +-------+-------------+----------+-----------------+-----------+-------+
[   56.504343] cloud-init[701]: ci-info: |   0   |   0.0.0.0   | 10.0.2.2 |     0.0.0.0     |   enp0s3  |   UG  |
[   56.585108] cloud-init[701]: ci-info: |   1   |   10.0.2.0  | 0.0.0.0  |  255.255.255.0  |   enp0s3  |   U   |
[   56.709301] cloud-init[701]: ci-info: |   2   |   10.0.2.2  | 0.0.0.0  | 255.255.255.255 |   enp0s3  |   UH  |
[   56.828848] cloud-init[701]: ci-info: +-------+-------------+----------+-----------------+-----------+-------+
[   56.936951] cloud-init[701]: ci-info: +++++++++++++++++++Route IPv6 info+++++++++++++++++++
[   57.033293] cloud-init[701]: ci-info: +-------+-------------+---------+-----------+-------+
[[0;32m  OK  [0m] Started ACPI Events Check.
[[0;32m  OK  [0m] Listening on ACPID Listen Socket.
[   57.098923] cloud-init[701]: ci-info: | Route | Destination | Gateway | Interface | Flags |
         Starting Socket activation for snappy daemon.
[   57.260515] cloud-init[701]: ci-info: +-------+-------------+---------+-----------+-------+
[   57.364512]          cloud-initStarting LXD - unix socket.[701]: 
ci-info: |   1   |  fe80::/64  |    ::   |   enp0s3  |   U   |
[[0;32m  OK  [0m] Started Daily Cleanup of Temporary Directories.
[   57.469500] [cloud-init[0;32m  OK  [0m[701]: ] ci-info: |   3   |    local    |    ::   |   enp0s3  |   U   |Started Daily apt download activities.

[[0;32m  OK  [0m] Started Daily apt upgrade and clean activities.
[   57.657207] [cloud-init[0;32m  OK  [0m[701]: ] ci-info: |   4   |   ff00::/8  |    ::   |   enp0s3  |   U   |Reached target Paths.

[[0;32m  OK  [0m] Listening on Open-iSCSI iscsid Socket.
[   57.832729] [cloud-init[0;32m  OK  [0m[701]: ] ci-info: +-------+-------------+---------+-----------+-------+Started Message of the Day.

[[0;32m  OK  [0m] Listening on D-Bus System Message Bus Socket.
[   58.017374] [cloud-init[0;32m  OK  [0m[701]: Generating public/private rsa key pair.
] Started Discard unused blocks once a week.
[[0;32m  OK  [0m] Reached target Timers.
[   58.078166] cloud-init[701]: Your identification has been saved in /etc/ssh/ssh_host_rsa_key.
[[0;32m  OK  [0m] Started Availability of block devices.
[   58.304560] cloud-init[701]: Your public key has been saved in /etc/ssh/ssh_host_rsa_key.pub.
[[0;32m  OK  [0m] Listening on Socket activation for snappy daemon.
[   58.440673] [cloud-init[0;32m  OK  [0m[701]: ] The key fingerprint is:Listening on LXD - unix socket.

[[0;32m  OK  [0m] Reached target Sockets.
[[0;32m  OK  [0m] Reached target Basic System.
[   58.593312] cloud-init[701]: SHA256:qDYZ1wLyejfnq9kviRab2LYzm0adTO6OSEC1yJag9KY root@ubuntu-bionic
[   58.772293]          cloud-initStarting Pollinate to seed the pseudo random number generator...
[701]: The key's randomart image is:
         Starting LSB: Record successful boot for GRUB...
[   58.884847] cloud-init[701]: +---[RSA 2048]----+
         Starting Login Service...
[   58.960765] cloud-init[701]: |..  .            |
         Starting Dispatcher daemon for systemd-networkd...
[   59.039153] cloud-init[701]: |oo.+ .           |
         Starting Virtualbox guest utils...
[   59.107161] cloud-init[701]: |. Boo            |
[[0;32m  OK  [0m] Started irqbalance daemon.
[   59.196766] cloud-init[701]: | ooo . o.        |
         Starting LXD - container startup/shutdown...
[   59.272682] cloud-init[701]: | E. o +=S.       |
[[0;32m  OK  [0m] Started Regular background program processing daemon.
[   59.353444] cloud-init[701]: |   o =o.=        |
         Starting LSB: automatic crash report generation...
[   59.456219] cloud-init[701]: |  . B+o*..       |
         Starting Accounts Service...
[   59.577047] cloud-init[701]: |   +.+@O+        |
[[0;32m  OK  [0m] Started FUSE filesystem for LXC.
[   59.673378] cloud-init[701]: |    .+BB=+.      |
[[0;32m  OK  [0m] Started Deferred execution scheduler.
[   59.773564] cloud-init[701]: +----[SHA256]-----+
         Starting Permit User Sessions...
[   59.869717] cloud-init[701]: Generating public/private dsa key pair.
[[0;32m  OK  [0m] Started D-Bus System Message Bus.
[   59.976995] cloud-init[701]: Your identification has been saved in /etc/ssh/ssh_host_dsa_key.
[[0;32m  OK  [0m] Started Login Service.
[   60.133533] cloud-init[701]: Your public key has been saved in /etc/ssh/ssh_host_dsa_key.pub.
[[0;32m  OK  [0m] Started Unattended Upgrades Shutdown.
[   60.253737] cloud-init[701]: The key fingerprint is:
         Starting System Logging Service...
[   60.360537] cloud-init[701]: SHA256:Dloa76fhn2r7vAYxZp0Azg4JTtdi2mMTnsMNEgEWIwk root@ubuntu-bionic
         Starting Snappy daemon...
[   60.569042] cloud-init[701]: The key's randomart image is:
[[0;32m  OK  [0m] Started Dispatcher daemon for systemd-networkd.
[   60.653903] cloud-init[701]: +---[DSA 1024]----+
[[0;32m  OK  [0m] Started System Logging Service.
[   60.768511] [cloud-init[0;32m  OK  [0m[701]: ] |EO+.o.           |Started Snappy daemon.

[[0;32m  OK  [0m] Started Pollinate to seed the pseudo random number generator.
[   60.878360] cloud-init[701]: |*ooO ..          |
[[0;32m  OK  [0m] Started LXD - container startup/shutdown.
[   60.976629] cloud-init[701]: | .X O  o .       |
[[0;32m  OK  [0m] Started Permit User Sessions.
[   61.065548] cloud-init[701]: | . % .= o        |
[   61.128564] cloud-init[701]: |  . *oooS        |
         Starting Authorization Manager...
         Starting Hold until boot process finishes up...
[   61.179874] cloud-init[701]: |     *.o         |
         Starting Terminate Plymouth Boot Screen...
[   61.268961] cloud-init[701]: |    o o..        |
         Starting OpenBSD Secure Shell server...
[   61.361182] cloud-init[701]: |     o.oo.       |
         Starting Wait until snapd is fully seeded...
[   61.493185] cloud-init[701]: |     .*O*.       |
[[0;32m  OK  [0m] Started LSB: Record successful boot for GRUB.
[   61.593235] [cloud-init[0;32m  OK  [0m[701]: ] +----[SHA256]-----+Started Virtualbox guest utils.

[[0;32m  OK  [0m] Started LSB: automatic crash report generation.
[   61.712847] cloud-init[701]: Generating public/private ecdsa key pair.
[[0;32m  OK  [0m] Started Hold until boot process finishes up.
[   61.844814] cloud-init[701]: Your identification has been saved in /etc/ssh/ssh_host_ecdsa_key.
[[0;32m  OK  [0m] Started Terminate Plymouth Boot Screen.
[   61.984978] cloud-init[701]: Your public key has been saved in /etc/ssh/ssh_host_ecdsa_key.pub.
[[0;32m  OK  [0m] Started Wait until snapd is fully seeded.
[   62.121781] cloud-init[701]: The key fingerprint is:
[[0;32m  OK  [0m] Started OpenBSD Secure Shell server.
[   62.266368] [cloud-init[701]: [0;32m  OK  [0mSHA256:7Cyw13y7C8mJKXhV1+sNZh5juK07ZvFOMoVrSkbxgF8 root@ubuntu-bionic] 
Started Authorization Manager.
[[0;32m  OK  [0m] Started Accounts Service.
[   62.437105] cloud-init[701]: The key's randomart image is:
         Starting Apply the settings specified in cloud-config...
[   62.517114] cloud-init[701]: +---[ECDSA 256]---+
[[0;32m  OK  [0m] Started Serial Getty on ttyS0.
[   62.628937] cloud-init[701]: |                 |
         Starting Set console scheme...
[   62.728731] cloud-init[701]: |       .   .     |
[[0;32m  OK  [0m] Started Set console scheme.
[   62.812555] cloud-init[701]: |      . + E .    |
[[0;32m  OK  [0m] Created slice system-getty.slice.
[   62.892306] cloud-init[701]: |       + * o .   |
[[0;32m  OK  [0m] Started Getty on tty1.
[   62.972563] [cloud-init[701]: [0;32m  OK  [0m|    . . S + X    |
] Reached target Login Prompts.
[[0;32m  OK  [0m] Reached target Multi-User System.
[   63.116479] [cloud-init[0;32m  OK  [0m[701]: ] |   . + X o.@ =   |Reached target Graphical Interface.

         Starting Update UTMP about System Runlevel Changes...
[   63.240795] cloud-init[701]: |  . + = % Bo= .  |
[[0;32m  OK  [0m] Created slice User Slice of vagrant.
[   63.342546] cloud-init[701]: |   . o + =+*.    |
         Starting User Manager for UID 1000...
[[0;32m  OK  [0m] Started Update UTMP about System Runlevel Changes.
[   63.454661] [[0;32m  OK  [0m] Started Session 1 of user vagrant.
cloud-init[701]: |        .o**.    |
[   63.680824] cloud-init[701]: +----[SHA256]-----+
[   63.736723] [cloud-init[0;32m  OK  [0m[701]: ] Generating public/private ed25519 key pair.Started User Manager for UID 1000.

[   63.836396] cloud-init[701]: Your identification has been saved in /etc/ssh/ssh_host_ed25519_key.
[[0;32m  OK  [0m] Started Apply the settings specified in cloud-config.
[   63.942763] cloud-init[701]: Your public key has been saved in /etc/ssh/ssh_host_ed25519_key.pub.
         Starting Execute cloud user/final scripts...
[   64.088160] cloud-init[701]: The key fingerprint is:
[   64.088400] cloud-init[701]: SHA256:TbxRrEL52kcskb/FIUH9UJo8aiWBdrUdgjEUSwRsZqs root@ubuntu-bionic
[   64.252341] cloud-init[701]: The key's randomart image is:
[   64.326220] cloud-init[701]: +--[ED25519 256]--+
[   64.363486] cloud-init[701]: |        .o+%O=.o.|
[   64.375672] cloud-init[701]: |        o**o*o==.|
[   64.392409] cloud-init[701]: |       .+o=B.oB+.|
[   64.452449] cloud-init[701]: |        .++o++o..|
[   64.504179] cloud-init[701]: |        S+oooo   |
[   64.548221] cloud-init[701]: |       E. ..o    |
[   64.596559] cloud-init[701]: |           .     |
[   64.640982] cloud-init[701]: |                 |
[   64.692263] cloud-init[701]: |                 |
[   64.733302] cloud-init[701]: +----[SHA256]-----+
ci-info: no authorized ssh keys fingerprints found for user ubuntu.
[   64.827947] cloud-init[1339]: Cloud-init v. 18.5-21-g8ee294d5-0ubuntu1~18.04.1 running 'modules:config' at Fri, 22 Mar 2019 09:16:28 +0000. Up 63.11 seconds.
<14>Mar 22 09:16:30 ec2: 
<14>Mar 22 09:16:30 ec2: #############################################################
<14>Mar 22 09:16:30 ec2: -----BEGIN SSH HOST KEY FINGERPRINTS-----
<14>Mar 22 09:16:30 ec2: 1024 SHA256:Dloa76fhn2r7vAYxZp0Azg4JTtdi2mMTnsMNEgEWIwk root@ubuntu-bionic (DSA)
<14>Mar 22 09:16:30 ec2: 256 SHA256:7Cyw13y7C8mJKXhV1+sNZh5juK07ZvFOMoVrSkbxgF8 root@ubuntu-bionic (ECDSA)
<14>Mar 22 09:16:30 ec2: 256 SHA256:TbxRrEL52kcskb/FIUH9UJo8aiWBdrUdgjEUSwRsZqs root@ubuntu-bionic (ED25519)
<14>Mar 22 09:16:30 ec2: 2048 SHA256:qDYZ1wLyejfnq9kviRab2LYzm0adTO6OSEC1yJag9KY root@ubuntu-bionic (RSA)
<14>Mar 22 09:16:30 ec2: -----END SSH HOST KEY FINGERPRINTS-----
<14>Mar 22 09:16:30 ec2: #############################################################
-----BEGIN SSH HOST KEY KEYS-----
ecdsa-sha2-nistp256 AAAAE2VjZHNhLXNoYTItbmlzdHAyNTYAAAAIbmlzdHAyNTYAAABBBM6IyrtmSIzSdGzYUpSTaIy62N6L+iUITlnN93nwOF9RRvKoGbK9tTVkhtHb3/tgRS8mTSIp1xlnGHbpBw0KPDE= root@ubuntu-bionic
ssh-ed25519 AAAAC3NzaC1lZDI1NTE5AAAAII3FkhZcH42ddKM8TbapcjkfakAVgEIC0DoASviLHNua root@ubuntu-bionic
ssh-rsa AAAAB3NzaC1yc2EAAAADAQABAAABAQC9NxLMEAuWqmWMCqiKWmn2cuaesUp8emqEWrM39vxE2tC4lMDaGDqXs+IDDB8KJplLrsinGa7KR122BJnARxFZMVdJ5k7qoRPvu+ibtm8NPcdpbGFBp3OXgbFlOkrQhhRGVwAK12+rTPE41XMdYy9jbSuYpGyyYSQ5PX2Eh5c6Yy4rem61bW7q8nTdLkG6NwQBSIEBQcFA3eAtHBn/Kk9S8OqyvHe2SIbKfTacTRSn5Pbzqn1gni6J7ZaLaC8Dtq80z8NcZE9PzPKJQBSf56XoatoZjjahte86wjoOb9IDP867xDxt3wSkafckzSiJPlRAzHZGiYXnW66jjlUFMn87 root@ubuntu-bionic
-----END SSH HOST KEY KEYS-----
[   66.294757] cloud-init[1471]: Cloud-init v. 18.5-21-g8ee294d5-0ubuntu1~18.04.1 running 'modules:final' at Fri, 22 Mar 2019 09:16:30 +0000. Up 64.60 seconds.
[[0;32m  OK  [0m] Started Execute cloud user/final scripts.
[   66.434300] cloud-init[1471]: ci-info: no authorized ssh keys fingerprints found for user ubuntu.
[[0;32m  OK  [0m] Reached target Cloud-init target.
[   66.616426] cloud-init[1471]: Cloud-init v. 18.5-21-g8ee294d5-0ubuntu1~18.04.1 finished at Fri, 22 Mar 2019 09:16:31 +0000. Datasource DataSourceNoCloud [seed=/dev/sdb][dsmode=net].  Up 66.28 seconds

Ubuntu 18.04.2 LTS ubuntu-bionic ttyS0

ubuntu-bionic login:          Stopping User Manager fo0         Stopping Virtualbox guest utils...
         Stopping Regular background program processing daemon...
         Stopping OpenBSD Secure Shell server...
         Stopping LSB: automatic crash report generation...
         Stopping Accounts Service...
         Stopping LSB: Record successful boot for GRUB...
         Stopping Deferred execution scheduler...
[[0;32m  OK  [0m] Stopped target Cloud-config availability.
[[0;32m  OK  [0m] Unmounted /var/lib/lxcfs.
[[0;32m  OK  [0m] Stopped Dispatcher daemon for systemd-networkd.
[[0;32m  OK  [0m] Stopped irqbalance daemon.
[[0;32m  OK  [0m] Stopped Regular background program processing daemon.
[[0;32m  OK  [0m] Stopped Accounts Service.
[[0;32m  OK  [0m] Stopped Deferred execution scheduler.
[[0;32m  OK  [0m] Stopped Unattended Upgrades Shutdown.
[[0;32m  OK  [0m] Stopped Authorization Manager.
[[0;32m  OK  [0m] Stopped OpenBSD Secure Shell server.
[[0;32m  OK  [0m] Stopped Serial Getty on ttyS0.
[[0;32m  OK  [0m] Stopped Getty on tty1.
[[0;32m  OK  [0m] Stopped System Logging Service.
[[0;32m  OK  [0m] Stopped Icinga host/service/network monitoring system.
[[0;32m  OK  [0m] Stopped User Manager for UID 1000.
[[0;32m  OK  [0m] Stopped Availability of block devices.
[[0;32m  OK  [0m] Stopped The Apache HTTP Server.
[[0;32m  OK  [0m] Stopped D-Bus System Message Bus.
[[0;32m  OK  [0m] Stopped FUSE filesystem for LXC.
[[0;32m  OK  [0m] Stopped Session 6 of user vagrant.
[[0;32m  OK  [0m] Stopped LXD - container startup/shutdown.
[[0;32m  OK  [0m] Stopped LSB: Record successful boot for GRUB.
[[0;32m  OK  [0m] Stopped Virtualbox guest utill.
[[0;32m  OK  [0m] Stopped LSB: automatic crash report generation.
[[0;32m  OK  [0m] Stopped target Host and Network Name Lookups.
[[0;32m  OK  [0m] Removed slice User Slice of vagrant.
[[0;32m  OK  [0m] Stopped target Network is Online.
         Stopping MariaDB 10.3.13 database server...
[[0;32m  OK  [0m] Removed slice system-getty.slice.
[[0;32m  OK  [0m] Removed slice system-serial\x2dgetty.slice.
         Stopping Permit User Sessions...
         Stopping Login Service...
[[0;32m  OK  [0m] Stopped Permit User Sessions.
[[0;32m  OK  [0m] Stopped target Remote File Systems.
[[0;32m  OK  [0m] Stopped target Remote File Systems (Pre).
[[0;32m  OK  [0m] Stopped Login Service.
[[0;32m  OK  [0m] Stopped target User and Group Name Lookups.
[[0;32m  OK  [0m] Stopped MariaDB 10.3.13 database server.
[[0;32m  OK  [0m] Stopped target Basic System.
[[0;32m  OK  [0m] Stopped target Sockets.
[[0;32m  OK  [0m] Closed UUID daemon activation socket.
[[0;32m  OK  [0m] Closed Syslog Socket.
[[0;32m  OK  [0m] Closed D-Bus System Message Bus Socket.
[[0;32m  OK  [0m] Closed ACPID Listen Socket.
[[0;32m  OK  [0m] Closed Socket activation for snappy daemon.
[[0;32m  OK  [0m] Closed Open-iSCSI iscsid Socket.
[[0;32m  OK  [0m] Closed LXD - unix socket.
[[0;32m  OK  [0m] Stopped target Paths.
[[0;32m  OK  [0m] Stopped ACPI Events Check.
[[0;32m  OK  [0m] Stopped target Slices.
[[0;32m  OK  [0m] Removed slice User and Session Slice.
[[0;32m  OK  [0m] Stopped target System Initialization.
[[0;32m  OK  [0m] Stopped Commit a transient machine-id on disk.
         Stopping Load/Save Random Seed...
[[0;32m  OK  [0m] Stopped target Local Encrypted Volumes.
[[0;32m  OK  [0m] Stopped Forward Password Requests to Wall Directtry Watch.
[[0;32m  OK  [0m] Stopped Dispatch Password Requests to Console Directory Watch.
         Stopping Update UTMP about System Boot/Shutdown...
[[0;32m  OK  [0m] Stopped Initial cloud-init job (metadata service crawler).
[[0;32m  OK  [0m] Stopped Wait for Network to be Configured.
[[0;32m  OK  [0m] Stopped target Network.
         Stopping Network Name Resolution...
[[0;32m  OK  [0m] Stopped Load/Save Random Seed.
[[0;32m  OK  [0m] Stopped Network Name Resolution.
         Stopping Network Service...
[[0;32m  OK  [0m] Stopped Update UTMP about System Boot/Shutdown.
[[0;32m  OK  [0m] Stopped Network Service.
[[0;32m  OK  [0m] Stopped target Network (Pre).
[[0;32m  OK  [0m] Stopped Initial cloud-init job (pre-networking).
[[0;32m  OK  [0m] Stopped Apply Kernel Variables.
[[0;32m  OK  [0m] Stopped Load Kernel Modules.
[[0;32m  OK  [0m] Stopped Create Volatile Files and Directories.
[[0;32m  OK  [0m] Stopped target Local File Systems.
         Unmounting /etc/share...
         Unmounting /run/user/1000...
         Unmounting /vagrant...
[[0;32m  OK  [0m] Unmounted /etc/share.
[[0;32m  OK  [0m] Unmounted /run/user/1000.
[[0;32m  OK  [0m] Unmounted /vagrant.
[[0;32m  OK  [0m] Stopped target Swap.
[[0;32m  OK  [0m] Reached target Unmount All Filesystems.
[[0;32m  OK  [0m] Stopped target Local File Systems (Pre).
         Stopping Monitoring of LVM2 mirrorsâ€¦ng dmeventd or progress polling...
[[0;32m  OK  [0m] Stopped Create Static Device Nodes in /dev.
[[0;32m  OK  [0m] Stopped Remount Root and Kernel File Systems.
[[0;32m  OK  [0m] Reached target Shutdown.
[[0;32m  OK  [0m] Reached target Final Step.
         Starting Power-Off...
[[0;32m  OK  [0m] Stopped Monitoring of LVM2 mirrors,â€¦sing dmeventd or progress polling.
         Stopping LVM2 metadata daemon...
[[0;32m  OK  [0m] Stopped LVM2 metadata daemon.
[ 1350.720647] reboot: Power down
