[   0.0000 Linuxvesion4.5.0--genic (uild@lgw01-amd64-038) (gcc verson 73. (Ubntu 73.0-1ubuntu)) #9-Ubntu MP Wd eb 609:33:7 TC 201(Ubunt 4.10-4649-gneic 415.18)
[    000000]Commnd lne: OO_IMAE=/bot/vlinu-4.1.046enericrootLABEcloumg-rotfsro cnsol=ty1 cnsol=tyS0
[   0.00000 KERELsupprtedcpus
[   0.00000]  Inte GnuinIntel
[    0.0000]   AM AutentiMD
   0.0000]  Cetar CetarrHaul
    .0000] x6/fp: Suportng XAVE fetu 0x01: '87 flotingpont rgistrs'[   0.00000]x86/u: Supporting XSAVE feature 0x002: 'SSE registers'
[    0.000000] x86/fpu: Supporting XSAVE feature 0x004: 'AVX registers'
[    0.000000] x86/fpu: xstate_offset[2]:  576, xstate_sizes[2]:  256
[    0.000000] x86/fpu: Enabled xstate features 0x7, context size is 832 bytes, using 'standard' format.
[    0.000000] e820: BIOS-provided physical RAM map:
[    0.000000] BIOS-e820: [mem 0x0000000000000000-0x000000000009fbff] usable
[    0.000000] BIOS-e820: [mem 0x000000000009fc00-0x0000000000009fff]reseved
    000000]BIOS-e820:[mem0x000000000f000-0x00000000fffff]reservd
[   0.00000] BIOS-e820: [mem0x000000000100000-0x00000000ffeffff usabl
[    0.000000] BIS-e820: mem x00000001ff00000x0000001ffffff]ACPIata
[   0.00000 BIOS-e820: [me 0000000c000-0x0000000fe00ff] eserd
[   000000] BOSe820 [mm 0x000000fee00000x000000fee0ff] esrved
    .00000 BIOS-e80: [em0x0000000ff0000x0000000ffffff] eserve
[   0.00000]NX (xecuteDisale) protecti: aciv
   0.00000 SMBOS 2.5presen.
[   0.00000]DMI:inotekmbH VitualoxVirtalBo, BIOS irtualBox 2/012006
    0.0000 Hyprvisr eteced: KM
[   0.0000] 20: st_pn = x1ff0 ax_ach_pfn= 0x00000000
[    0.000000] MRR: isable
[    0.00000]x86/AT: TRRsdiable, skppin PT initaliztion to.
    .00000] CU MTRs al blnk - virtualizd systm.
    0.0000 x86/PT: Cnfigratin [07]: B  W  UC UC B  WT  U- UC 
[   0.0000] fod SM MP-table t [mem0x009fff0-0x009fff mapedat [     (ptva)]
    00000] Scaning areas forlow emry crrupion
[   0.0000]AMDI: [mm x1dc000-x1ef4fff
[   0.00000] AI: Eary tale cheksumveriicaton dable
[   .00000 ACP: RSP 0x00000000E000 000024 v02 VBOX  )
[    0.0000] ACI: XDT 0x0000001FF0030 000 (v0 VBO   VOXXST 0000001 L  00006)
[   .000000 ACI: FAC 0x0000001FF00F0000F4(v4 BOX  VBOXFAP 000001 AL  000001)
   0.00000 API: SDT x00000001FFF04700021FF v0 VOX  VBXBIOS 000002 ITL2010528)
[    0.000000 ACPI: FAC 0x00000001FFF0200 000040
[    0.000000] ACPI: FACS 0x00000001FFF020 000040
[   0.000000] ACPI AIC 00000001FFF240 0005 (v02 BOX  VBOAPIC000001ASL  000061)
    .000] ACI: SSD 0x00000000FFF02A 000CC (01 VOX  VBOXPUT 000002 INL 200052)
[    0.00000] o NUA cofiguatio found
[  0.00000 Fakin a nde at mem x00000000000000-00000001fefff]
[   0.00000] NODEDATA) alloatd [mem0x1fc500-0x1fefff]
[    000000] km-lok: cu 0,msr :1ff4001, rimary cpu lock
[  0.00000]kvm-lockUsin msr4b56d01 nd 4564d0
[   0.0000] vm-clock: using sched offsetof 343553984cycles
[    0.00000] clocksource: kvm-clock: mask: 0xfffffffffffffff mx_cyles: 01cd4e4dfb, mx_dle_s: 8159059148 ns
[  0.00000]Zone rnges
[   0.00000]  DMA    [mm 0x000000000100-0000000000fffff
[   0.0000   DA32   [mem0x000000100000-0x0000001effff]
[   0.0000   Nrmal  emty
[  0.0000]  Deice  epty[    00000] Moble ne sart r eachnode
[   0.0000] Erly memor nod ranes
    .0000]   ode   0: [mem0x0000000000100-0x0000000009eff]
[   0.000000]  noe   : [mem0x0000000010000-0x0000001ffeffff
[   0.00000] Reerve butunavalable 114 pags
[   0.00000]Initmem setup ode  [me 0x0000000000100-000000001feffff]
[    0.000000 ACPI:PM-Timr IO Port: 0x4008
[    0.00000] IOAIC[0: apc_id2, vrsio 32,addrss 0xfc00000, SI 0-23
[    0.00000] ACPI INT_SC_OV (us 0bus_ir 0 gobalirq 2 fl dfl
[   0.00000] CPI:INT_RC_OR (bs 0 us_irq 9 globl_irq 9 ow lvel)
[   0.00000] Using ACPI (MADT) forSMP confguration iformaton
    .00000] smpbot: Alowin 2 CPU, 0 otplugCPUs
[    0.00000] PM: egist